<body>
<head>
  <link href="../assets/css/pure.min.css" media="all" rel="stylesheet" type="text/css" />
  <link href="../assets/css/index.css" media="all" rel="stylesheet" type="text/css" />
</head>
<header>
  <h1>DERBY</h1>
</header>


<h1 id="h1b">H1B</h1>
<p>foo</p>

### FOOTER
